// Jest Snapshot v1, https://goo.gl/fbAQLP

exports[`<SearchInput /> should match snapshot 1`] = `
<input
  class="search-input"
  placeholder="Pesquise aqui..."
  type="search"
  value=""
/>
`;
